[0.038s] Invoking command in '/home/vboxuser/turtlebot3_ws/build/turtlebot3_bringup': AMENT_PREFIX_PATH=/home/vboxuser/turtlebot3_ws/install/turtlebot3_node:/home/vboxuser/turtlebot3_ws/install/turtlebot3_msgs:/home/vboxuser/turtlebot3_ws/install/turtlebot3_description:/home/vboxuser/turtlebot3_ws/install/dynamixel_sdk:${AMENT_PREFIX_PATH} CMAKE_PREFIX_PATH=/home/vboxuser/turtlebot3_ws/install/turtlebot3_node:/home/vboxuser/turtlebot3_ws/install/turtlebot3_msgs:/home/vboxuser/turtlebot3_ws/install/turtlebot3_description:/home/vboxuser/turtlebot3_ws/install/dynamixel_sdk:/opt/ros/humble LD_LIBRARY_PATH=/home/vboxuser/turtlebot3_ws/install/turtlebot3_msgs/lib:/home/vboxuser/turtlebot3_ws/install/dynamixel_sdk/lib:/usr/lib/x86_64-linux-gnu/gazebo-11/plugins:/opt/ros/humble/opt/rviz_ogre_vendor/lib:/opt/ros/humble/lib/x86_64-linux-gnu:/opt/ros/humble/lib:/usr/lib/x86_64-linux-gnu/gazebo-11/plugins PYTHONPATH=/home/vboxuser/turtlebot3_ws/install/turtlebot3_msgs/local/lib/python3.10/dist-packages:/home/vboxuser/turtlebot3_ws/install/dynamixel_sdk/local/lib/python3.10/dist-packages:${PYTHONPATH} /usr/bin/cmake /home/vboxuser/turtlebot3_ws/src/turtlebot3/turtlebot3_bringup -DAMENT_CMAKE_SYMLINK_INSTALL=1 -DCMAKE_INSTALL_PREFIX=/home/vboxuser/turtlebot3_ws/install/turtlebot3_bringup
[0.114s] -- The C compiler identification is GNU 11.4.0
[0.176s] -- The CXX compiler identification is GNU 11.4.0
[0.188s] -- Detecting C compiler ABI info
[0.280s] -- Detecting C compiler ABI info - done
[0.286s] -- Check for working C compiler: /usr/bin/cc - skipped
[0.286s] -- Detecting C compile features
[0.287s] -- Detecting C compile features - done
[0.290s] -- Detecting CXX compiler ABI info
[0.397s] -- Detecting CXX compiler ABI info - done
[0.405s] -- Check for working CXX compiler: /usr/bin/c++ - skipped
[0.405s] -- Detecting CXX compile features
[0.406s] -- Detecting CXX compile features - done
[0.408s] -- Found ament_cmake: 1.3.14 (/opt/ros/humble/share/ament_cmake/cmake)
[0.568s] -- Found Python3: /usr/bin/python3 (found version "3.10.12") found components: Interpreter 
[0.625s] -- Override CMake install command with custom implementation using symlinks instead of copying resources
[0.718s] -- Configuring done
[0.720s] -- Generating done
[0.722s] -- Build files have been written to: /home/vboxuser/turtlebot3_ws/build/turtlebot3_bringup
[0.727s] Invoked command in '/home/vboxuser/turtlebot3_ws/build/turtlebot3_bringup' returned '0': AMENT_PREFIX_PATH=/home/vboxuser/turtlebot3_ws/install/turtlebot3_node:/home/vboxuser/turtlebot3_ws/install/turtlebot3_msgs:/home/vboxuser/turtlebot3_ws/install/turtlebot3_description:/home/vboxuser/turtlebot3_ws/install/dynamixel_sdk:${AMENT_PREFIX_PATH} CMAKE_PREFIX_PATH=/home/vboxuser/turtlebot3_ws/install/turtlebot3_node:/home/vboxuser/turtlebot3_ws/install/turtlebot3_msgs:/home/vboxuser/turtlebot3_ws/install/turtlebot3_description:/home/vboxuser/turtlebot3_ws/install/dynamixel_sdk:/opt/ros/humble LD_LIBRARY_PATH=/home/vboxuser/turtlebot3_ws/install/turtlebot3_msgs/lib:/home/vboxuser/turtlebot3_ws/install/dynamixel_sdk/lib:/usr/lib/x86_64-linux-gnu/gazebo-11/plugins:/opt/ros/humble/opt/rviz_ogre_vendor/lib:/opt/ros/humble/lib/x86_64-linux-gnu:/opt/ros/humble/lib:/usr/lib/x86_64-linux-gnu/gazebo-11/plugins PYTHONPATH=/home/vboxuser/turtlebot3_ws/install/turtlebot3_msgs/local/lib/python3.10/dist-packages:/home/vboxuser/turtlebot3_ws/install/dynamixel_sdk/local/lib/python3.10/dist-packages:${PYTHONPATH} /usr/bin/cmake /home/vboxuser/turtlebot3_ws/src/turtlebot3/turtlebot3_bringup -DAMENT_CMAKE_SYMLINK_INSTALL=1 -DCMAKE_INSTALL_PREFIX=/home/vboxuser/turtlebot3_ws/install/turtlebot3_bringup
[0.727s] Invoking command in '/home/vboxuser/turtlebot3_ws/build/turtlebot3_bringup': AMENT_PREFIX_PATH=/home/vboxuser/turtlebot3_ws/install/turtlebot3_node:/home/vboxuser/turtlebot3_ws/install/turtlebot3_msgs:/home/vboxuser/turtlebot3_ws/install/turtlebot3_description:/home/vboxuser/turtlebot3_ws/install/dynamixel_sdk:${AMENT_PREFIX_PATH} CMAKE_PREFIX_PATH=/home/vboxuser/turtlebot3_ws/install/turtlebot3_node:/home/vboxuser/turtlebot3_ws/install/turtlebot3_msgs:/home/vboxuser/turtlebot3_ws/install/turtlebot3_description:/home/vboxuser/turtlebot3_ws/install/dynamixel_sdk:/opt/ros/humble LD_LIBRARY_PATH=/home/vboxuser/turtlebot3_ws/install/turtlebot3_msgs/lib:/home/vboxuser/turtlebot3_ws/install/dynamixel_sdk/lib:/usr/lib/x86_64-linux-gnu/gazebo-11/plugins:/opt/ros/humble/opt/rviz_ogre_vendor/lib:/opt/ros/humble/lib/x86_64-linux-gnu:/opt/ros/humble/lib:/usr/lib/x86_64-linux-gnu/gazebo-11/plugins PYTHONPATH=/home/vboxuser/turtlebot3_ws/install/turtlebot3_msgs/local/lib/python3.10/dist-packages:/home/vboxuser/turtlebot3_ws/install/dynamixel_sdk/local/lib/python3.10/dist-packages:${PYTHONPATH} /usr/bin/cmake --build /home/vboxuser/turtlebot3_ws/build/turtlebot3_bringup -- -j4 -l4
[0.781s] Invoked command in '/home/vboxuser/turtlebot3_ws/build/turtlebot3_bringup' returned '0': AMENT_PREFIX_PATH=/home/vboxuser/turtlebot3_ws/install/turtlebot3_node:/home/vboxuser/turtlebot3_ws/install/turtlebot3_msgs:/home/vboxuser/turtlebot3_ws/install/turtlebot3_description:/home/vboxuser/turtlebot3_ws/install/dynamixel_sdk:${AMENT_PREFIX_PATH} CMAKE_PREFIX_PATH=/home/vboxuser/turtlebot3_ws/install/turtlebot3_node:/home/vboxuser/turtlebot3_ws/install/turtlebot3_msgs:/home/vboxuser/turtlebot3_ws/install/turtlebot3_description:/home/vboxuser/turtlebot3_ws/install/dynamixel_sdk:/opt/ros/humble LD_LIBRARY_PATH=/home/vboxuser/turtlebot3_ws/install/turtlebot3_msgs/lib:/home/vboxuser/turtlebot3_ws/install/dynamixel_sdk/lib:/usr/lib/x86_64-linux-gnu/gazebo-11/plugins:/opt/ros/humble/opt/rviz_ogre_vendor/lib:/opt/ros/humble/lib/x86_64-linux-gnu:/opt/ros/humble/lib:/usr/lib/x86_64-linux-gnu/gazebo-11/plugins PYTHONPATH=/home/vboxuser/turtlebot3_ws/install/turtlebot3_msgs/local/lib/python3.10/dist-packages:/home/vboxuser/turtlebot3_ws/install/dynamixel_sdk/local/lib/python3.10/dist-packages:${PYTHONPATH} /usr/bin/cmake --build /home/vboxuser/turtlebot3_ws/build/turtlebot3_bringup -- -j4 -l4
[0.781s] Invoking command in '/home/vboxuser/turtlebot3_ws/build/turtlebot3_bringup': AMENT_PREFIX_PATH=/home/vboxuser/turtlebot3_ws/install/turtlebot3_node:/home/vboxuser/turtlebot3_ws/install/turtlebot3_msgs:/home/vboxuser/turtlebot3_ws/install/turtlebot3_description:/home/vboxuser/turtlebot3_ws/install/dynamixel_sdk:${AMENT_PREFIX_PATH} CMAKE_PREFIX_PATH=/home/vboxuser/turtlebot3_ws/install/turtlebot3_node:/home/vboxuser/turtlebot3_ws/install/turtlebot3_msgs:/home/vboxuser/turtlebot3_ws/install/turtlebot3_description:/home/vboxuser/turtlebot3_ws/install/dynamixel_sdk:/opt/ros/humble LD_LIBRARY_PATH=/home/vboxuser/turtlebot3_ws/install/turtlebot3_msgs/lib:/home/vboxuser/turtlebot3_ws/install/dynamixel_sdk/lib:/usr/lib/x86_64-linux-gnu/gazebo-11/plugins:/opt/ros/humble/opt/rviz_ogre_vendor/lib:/opt/ros/humble/lib/x86_64-linux-gnu:/opt/ros/humble/lib:/usr/lib/x86_64-linux-gnu/gazebo-11/plugins PYTHONPATH=/home/vboxuser/turtlebot3_ws/install/turtlebot3_msgs/local/lib/python3.10/dist-packages:/home/vboxuser/turtlebot3_ws/install/dynamixel_sdk/local/lib/python3.10/dist-packages:${PYTHONPATH} /usr/bin/cmake --install /home/vboxuser/turtlebot3_ws/build/turtlebot3_bringup
[0.793s] -- Install configuration: ""
[0.793s] -- Execute custom install script
[0.794s] -- Symlinking: /home/vboxuser/turtlebot3_ws/install/turtlebot3_bringup/share/turtlebot3_bringup/launch/camera.launch.py
[0.806s] -- Symlinking: /home/vboxuser/turtlebot3_ws/install/turtlebot3_bringup/share/turtlebot3_bringup/launch/robot.launch.py
[0.818s] -- Symlinking: /home/vboxuser/turtlebot3_ws/install/turtlebot3_bringup/share/turtlebot3_bringup/launch/rviz2.launch.py
[0.829s] -- Symlinking: /home/vboxuser/turtlebot3_ws/install/turtlebot3_bringup/share/turtlebot3_bringup/launch/turtlebot3_state_publisher.launch.py
[0.840s] -- Symlinking: /home/vboxuser/turtlebot3_ws/install/turtlebot3_bringup/share/turtlebot3_bringup/param/burger.yaml
[0.852s] -- Symlinking: /home/vboxuser/turtlebot3_ws/install/turtlebot3_bringup/share/turtlebot3_bringup/param/humble/burger.yaml
[0.863s] -- Symlinking: /home/vboxuser/turtlebot3_ws/install/turtlebot3_bringup/share/turtlebot3_bringup/param/humble/waffle.yaml
[0.876s] -- Symlinking: /home/vboxuser/turtlebot3_ws/install/turtlebot3_bringup/share/turtlebot3_bringup/param/humble/waffle_pi.yaml
[0.888s] -- Symlinking: /home/vboxuser/turtlebot3_ws/install/turtlebot3_bringup/share/turtlebot3_bringup/param/waffle.yaml
[0.899s] -- Symlinking: /home/vboxuser/turtlebot3_ws/install/turtlebot3_bringup/share/turtlebot3_bringup/param/waffle_pi.yaml
[0.911s] -- Symlinking: /home/vboxuser/turtlebot3_ws/install/turtlebot3_bringup/share/turtlebot3_bringup/script/99-turtlebot3-cdc.rules
[0.923s] -- Symlinking: /home/vboxuser/turtlebot3_ws/install/turtlebot3_bringup/share/turtlebot3_bringup/script/create_udev_rules
[0.935s] -- Symlinking: /home/vboxuser/turtlebot3_ws/install/turtlebot3_bringup/share/ament_index/resource_index/package_run_dependencies/turtlebot3_bringup
[0.947s] -- Symlinking: /home/vboxuser/turtlebot3_ws/install/turtlebot3_bringup/share/ament_index/resource_index/parent_prefix_path/turtlebot3_bringup
[0.957s] -- Symlinking: /home/vboxuser/turtlebot3_ws/install/turtlebot3_bringup/share/turtlebot3_bringup/environment/ament_prefix_path.sh
[0.969s] -- Symlinking: /home/vboxuser/turtlebot3_ws/install/turtlebot3_bringup/share/turtlebot3_bringup/environment/ament_prefix_path.dsv
[0.980s] -- Symlinking: /home/vboxuser/turtlebot3_ws/install/turtlebot3_bringup/share/turtlebot3_bringup/environment/path.sh
[0.992s] -- Symlinking: /home/vboxuser/turtlebot3_ws/install/turtlebot3_bringup/share/turtlebot3_bringup/environment/path.dsv
[1.002s] -- Symlinking: /home/vboxuser/turtlebot3_ws/install/turtlebot3_bringup/share/turtlebot3_bringup/local_setup.bash
[1.012s] -- Symlinking: /home/vboxuser/turtlebot3_ws/install/turtlebot3_bringup/share/turtlebot3_bringup/local_setup.sh
[1.023s] -- Symlinking: /home/vboxuser/turtlebot3_ws/install/turtlebot3_bringup/share/turtlebot3_bringup/local_setup.zsh
[1.033s] -- Symlinking: /home/vboxuser/turtlebot3_ws/install/turtlebot3_bringup/share/turtlebot3_bringup/local_setup.dsv
[1.044s] -- Symlinking: /home/vboxuser/turtlebot3_ws/install/turtlebot3_bringup/share/turtlebot3_bringup/package.dsv
[1.055s] -- Symlinking: /home/vboxuser/turtlebot3_ws/install/turtlebot3_bringup/share/ament_index/resource_index/packages/turtlebot3_bringup
[1.065s] -- Symlinking: /home/vboxuser/turtlebot3_ws/install/turtlebot3_bringup/share/turtlebot3_bringup/cmake/turtlebot3_bringupConfig.cmake
[1.077s] -- Symlinking: /home/vboxuser/turtlebot3_ws/install/turtlebot3_bringup/share/turtlebot3_bringup/cmake/turtlebot3_bringupConfig-version.cmake
[1.088s] -- Symlinking: /home/vboxuser/turtlebot3_ws/install/turtlebot3_bringup/share/turtlebot3_bringup/package.xml
[1.103s] Invoked command in '/home/vboxuser/turtlebot3_ws/build/turtlebot3_bringup' returned '0': AMENT_PREFIX_PATH=/home/vboxuser/turtlebot3_ws/install/turtlebot3_node:/home/vboxuser/turtlebot3_ws/install/turtlebot3_msgs:/home/vboxuser/turtlebot3_ws/install/turtlebot3_description:/home/vboxuser/turtlebot3_ws/install/dynamixel_sdk:${AMENT_PREFIX_PATH} CMAKE_PREFIX_PATH=/home/vboxuser/turtlebot3_ws/install/turtlebot3_node:/home/vboxuser/turtlebot3_ws/install/turtlebot3_msgs:/home/vboxuser/turtlebot3_ws/install/turtlebot3_description:/home/vboxuser/turtlebot3_ws/install/dynamixel_sdk:/opt/ros/humble LD_LIBRARY_PATH=/home/vboxuser/turtlebot3_ws/install/turtlebot3_msgs/lib:/home/vboxuser/turtlebot3_ws/install/dynamixel_sdk/lib:/usr/lib/x86_64-linux-gnu/gazebo-11/plugins:/opt/ros/humble/opt/rviz_ogre_vendor/lib:/opt/ros/humble/lib/x86_64-linux-gnu:/opt/ros/humble/lib:/usr/lib/x86_64-linux-gnu/gazebo-11/plugins PYTHONPATH=/home/vboxuser/turtlebot3_ws/install/turtlebot3_msgs/local/lib/python3.10/dist-packages:/home/vboxuser/turtlebot3_ws/install/dynamixel_sdk/local/lib/python3.10/dist-packages:${PYTHONPATH} /usr/bin/cmake --install /home/vboxuser/turtlebot3_ws/build/turtlebot3_bringup
