[0.030s] Invoking command in '/home/vboxuser/turtlebot3_ws/build/turtlebot3_description': CMAKE_PREFIX_PATH=/opt/ros/humble /usr/bin/cmake /home/vboxuser/turtlebot3_ws/src/turtlebot3/turtlebot3_description -DAMENT_CMAKE_SYMLINK_INSTALL=1 -DCMAKE_INSTALL_PREFIX=/home/vboxuser/turtlebot3_ws/install/turtlebot3_description
[0.494s] -- The C compiler identification is GNU 11.4.0
[0.763s] -- The CXX compiler identification is GNU 11.4.0
[0.793s] -- Detecting C compiler ABI info
[0.908s] -- Detecting C compiler ABI info - done
[0.916s] -- Check for working C compiler: /usr/bin/cc - skipped
[0.921s] -- Detecting C compile features
[0.921s] -- Detecting C compile features - done
[0.929s] -- Detecting CXX compiler ABI info
[1.040s] -- Detecting CXX compiler ABI info - done
[1.048s] -- Check for working CXX compiler: /usr/bin/c++ - skipped
[1.049s] -- Detecting CXX compile features
[1.049s] -- Detecting CXX compile features - done
[1.053s] -- Found ament_cmake: 1.3.14 (/opt/ros/humble/share/ament_cmake/cmake)
[1.222s] -- Found Python3: /usr/bin/python3 (found version "3.10.12") found components: Interpreter 
[1.281s] -- Override CMake install command with custom implementation using symlinks instead of copying resources
[1.304s] -- Found urdf: 2.6.1 (/opt/ros/humble/share/urdf/cmake)
[1.420s] -- Configuring done
[1.423s] -- Generating done
[1.424s] -- Build files have been written to: /home/vboxuser/turtlebot3_ws/build/turtlebot3_description
[1.469s] Invoked command in '/home/vboxuser/turtlebot3_ws/build/turtlebot3_description' returned '0': CMAKE_PREFIX_PATH=/opt/ros/humble /usr/bin/cmake /home/vboxuser/turtlebot3_ws/src/turtlebot3/turtlebot3_description -DAMENT_CMAKE_SYMLINK_INSTALL=1 -DCMAKE_INSTALL_PREFIX=/home/vboxuser/turtlebot3_ws/install/turtlebot3_description
[1.470s] Invoking command in '/home/vboxuser/turtlebot3_ws/build/turtlebot3_description': CMAKE_PREFIX_PATH=/opt/ros/humble /usr/bin/cmake --build /home/vboxuser/turtlebot3_ws/build/turtlebot3_description -- -j4 -l4
[1.562s] Invoked command in '/home/vboxuser/turtlebot3_ws/build/turtlebot3_description' returned '0': CMAKE_PREFIX_PATH=/opt/ros/humble /usr/bin/cmake --build /home/vboxuser/turtlebot3_ws/build/turtlebot3_description -- -j4 -l4
[1.581s] Invoking command in '/home/vboxuser/turtlebot3_ws/build/turtlebot3_description': CMAKE_PREFIX_PATH=/opt/ros/humble /usr/bin/cmake --install /home/vboxuser/turtlebot3_ws/build/turtlebot3_description
[1.597s] -- Install configuration: ""
[1.611s] -- Execute custom install script
[1.611s] -- Symlinking: /home/vboxuser/turtlebot3_ws/install/turtlebot3_description/share/turtlebot3_description/meshes/bases/burger_base.stl
[1.611s] -- Symlinking: /home/vboxuser/turtlebot3_ws/install/turtlebot3_description/share/turtlebot3_description/meshes/bases/waffle_base.stl
[1.626s] -- Symlinking: /home/vboxuser/turtlebot3_ws/install/turtlebot3_description/share/turtlebot3_description/meshes/bases/waffle_pi_base.stl
[1.637s] -- Symlinking: /home/vboxuser/turtlebot3_ws/install/turtlebot3_description/share/turtlebot3_description/meshes/sensors/astra.dae
[1.656s] -- Symlinking: /home/vboxuser/turtlebot3_ws/install/turtlebot3_description/share/turtlebot3_description/meshes/sensors/astra.jpg
[1.671s] -- Symlinking: /home/vboxuser/turtlebot3_ws/install/turtlebot3_description/share/turtlebot3_description/meshes/sensors/lds.stl
[1.684s] -- Symlinking: /home/vboxuser/turtlebot3_ws/install/turtlebot3_description/share/turtlebot3_description/meshes/sensors/r200.dae
[1.696s] -- Symlinking: /home/vboxuser/turtlebot3_ws/install/turtlebot3_description/share/turtlebot3_description/meshes/sensors/r200.jpg
[1.717s] -- Symlinking: /home/vboxuser/turtlebot3_ws/install/turtlebot3_description/share/turtlebot3_description/meshes/wheels/left_tire.stl
[1.733s] -- Symlinking: /home/vboxuser/turtlebot3_ws/install/turtlebot3_description/share/turtlebot3_description/meshes/wheels/right_tire.stl
[1.760s] -- Symlinking: /home/vboxuser/turtlebot3_ws/install/turtlebot3_description/share/turtlebot3_description/rviz/model.rviz
[1.776s] -- Symlinking: /home/vboxuser/turtlebot3_ws/install/turtlebot3_description/share/turtlebot3_description/urdf/common_properties.urdf
[1.793s] -- Symlinking: /home/vboxuser/turtlebot3_ws/install/turtlebot3_description/share/turtlebot3_description/urdf/turtlebot3_burger.urdf
[1.840s] -- Symlinking: /home/vboxuser/turtlebot3_ws/install/turtlebot3_description/share/turtlebot3_description/urdf/turtlebot3_waffle.urdf
[1.854s] -- Symlinking: /home/vboxuser/turtlebot3_ws/install/turtlebot3_description/share/turtlebot3_description/urdf/turtlebot3_waffle_pi.urdf
[1.878s] -- Symlinking: /home/vboxuser/turtlebot3_ws/install/turtlebot3_description/share/ament_index/resource_index/package_run_dependencies/turtlebot3_description
[1.889s] -- Symlinking: /home/vboxuser/turtlebot3_ws/install/turtlebot3_description/share/ament_index/resource_index/parent_prefix_path/turtlebot3_description
[1.921s] -- Symlinking: /home/vboxuser/turtlebot3_ws/install/turtlebot3_description/share/turtlebot3_description/environment/ament_prefix_path.sh
[1.942s] -- Symlinking: /home/vboxuser/turtlebot3_ws/install/turtlebot3_description/share/turtlebot3_description/environment/ament_prefix_path.dsv
[1.967s] -- Symlinking: /home/vboxuser/turtlebot3_ws/install/turtlebot3_description/share/turtlebot3_description/environment/path.sh
[1.992s] -- Symlinking: /home/vboxuser/turtlebot3_ws/install/turtlebot3_description/share/turtlebot3_description/environment/path.dsv
[2.024s] -- Symlinking: /home/vboxuser/turtlebot3_ws/install/turtlebot3_description/share/turtlebot3_description/local_setup.bash
[2.046s] -- Symlinking: /home/vboxuser/turtlebot3_ws/install/turtlebot3_description/share/turtlebot3_description/local_setup.sh
[2.058s] -- Symlinking: /home/vboxuser/turtlebot3_ws/install/turtlebot3_description/share/turtlebot3_description/local_setup.zsh
[2.085s] -- Symlinking: /home/vboxuser/turtlebot3_ws/install/turtlebot3_description/share/turtlebot3_description/local_setup.dsv
[2.094s] -- Symlinking: /home/vboxuser/turtlebot3_ws/install/turtlebot3_description/share/turtlebot3_description/package.dsv
[2.116s] -- Symlinking: /home/vboxuser/turtlebot3_ws/install/turtlebot3_description/share/ament_index/resource_index/packages/turtlebot3_description
[2.146s] -- Symlinking: /home/vboxuser/turtlebot3_ws/install/turtlebot3_description/share/turtlebot3_description/cmake/turtlebot3_descriptionConfig.cmake
[2.164s] -- Symlinking: /home/vboxuser/turtlebot3_ws/install/turtlebot3_description/share/turtlebot3_description/cmake/turtlebot3_descriptionConfig-version.cmake
[2.194s] -- Symlinking: /home/vboxuser/turtlebot3_ws/install/turtlebot3_description/share/turtlebot3_description/package.xml
