running egg_info
creating ../../build/patrol_pkg/patrol_pkg.egg-info
writing ../../build/patrol_pkg/patrol_pkg.egg-info/PKG-INFO
writing dependency_links to ../../build/patrol_pkg/patrol_pkg.egg-info/dependency_links.txt
writing entry points to ../../build/patrol_pkg/patrol_pkg.egg-info/entry_points.txt
writing requirements to ../../build/patrol_pkg/patrol_pkg.egg-info/requires.txt
writing top-level names to ../../build/patrol_pkg/patrol_pkg.egg-info/top_level.txt
writing manifest file '../../build/patrol_pkg/patrol_pkg.egg-info/SOURCES.txt'
reading manifest file '../../build/patrol_pkg/patrol_pkg.egg-info/SOURCES.txt'
writing manifest file '../../build/patrol_pkg/patrol_pkg.egg-info/SOURCES.txt'
running build
running build_py
creating /home/vboxuser/turtlebot3_ws/build/patrol_pkg/build
creating /home/vboxuser/turtlebot3_ws/build/patrol_pkg/build/lib
creating /home/vboxuser/turtlebot3_ws/build/patrol_pkg/build/lib/patrol_pkg
copying patrol_pkg/patrol_node.py -> /home/vboxuser/turtlebot3_ws/build/patrol_pkg/build/lib/patrol_pkg
copying patrol_pkg/__init__.py -> /home/vboxuser/turtlebot3_ws/build/patrol_pkg/build/lib/patrol_pkg
running install
running install_lib
creating /home/vboxuser/turtlebot3_ws/install/patrol_pkg/lib/python3.10/site-packages/patrol_pkg
copying /home/vboxuser/turtlebot3_ws/build/patrol_pkg/build/lib/patrol_pkg/patrol_node.py -> /home/vboxuser/turtlebot3_ws/install/patrol_pkg/lib/python3.10/site-packages/patrol_pkg
copying /home/vboxuser/turtlebot3_ws/build/patrol_pkg/build/lib/patrol_pkg/__init__.py -> /home/vboxuser/turtlebot3_ws/install/patrol_pkg/lib/python3.10/site-packages/patrol_pkg
byte-compiling /home/vboxuser/turtlebot3_ws/install/patrol_pkg/lib/python3.10/site-packages/patrol_pkg/patrol_node.py to patrol_node.cpython-310.pyc
byte-compiling /home/vboxuser/turtlebot3_ws/install/patrol_pkg/lib/python3.10/site-packages/patrol_pkg/__init__.py to __init__.cpython-310.pyc
running install_data
creating /home/vboxuser/turtlebot3_ws/install/patrol_pkg/share/ament_index
creating /home/vboxuser/turtlebot3_ws/install/patrol_pkg/share/ament_index/resource_index
creating /home/vboxuser/turtlebot3_ws/install/patrol_pkg/share/ament_index/resource_index/packages
copying resource/patrol_pkg -> /home/vboxuser/turtlebot3_ws/install/patrol_pkg/share/ament_index/resource_index/packages
copying package.xml -> /home/vboxuser/turtlebot3_ws/install/patrol_pkg/share/patrol_pkg
creating /home/vboxuser/turtlebot3_ws/install/patrol_pkg/share/patrol_pkg/launch
copying launch/patrol_launch.py -> /home/vboxuser/turtlebot3_ws/install/patrol_pkg/share/patrol_pkg/launch
running install_egg_info
Copying ../../build/patrol_pkg/patrol_pkg.egg-info to /home/vboxuser/turtlebot3_ws/install/patrol_pkg/lib/python3.10/site-packages/patrol_pkg-0.0.1-py3.10.egg-info
running install_scripts
Installing patrol_node script to /home/vboxuser/turtlebot3_ws/install/patrol_pkg/lib/patrol_pkg
writing list of installed files to '/home/vboxuser/turtlebot3_ws/build/patrol_pkg/install.log'
