[1.519s] Invoking command in '/home/vboxuser/turtlebot3_ws/src/patrol_pkg': PYTHONPATH=/home/vboxuser/turtlebot3_ws/build/patrol_pkg/prefix_override:/usr/lib/python3/dist-packages/colcon_core/task/python/colcon_distutils_commands:/home/vboxuser/turtlebot3_ws/install/patrol_pkg/lib/python3.10/site-packages:${PYTHONPATH} /usr/bin/python3 -W ignore:setup.py install is deprecated -W ignore:easy_install command is deprecated setup.py egg_info --egg-base ../../build/patrol_pkg build --build-base /home/vboxuser/turtlebot3_ws/build/patrol_pkg/build install --record /home/vboxuser/turtlebot3_ws/build/patrol_pkg/install.log --install-scripts $base/lib/patrol_pkg --single-version-externally-managed install_data
[1.828s] running egg_info
[1.828s] creating ../../build/patrol_pkg/patrol_pkg.egg-info
[1.828s] writing ../../build/patrol_pkg/patrol_pkg.egg-info/PKG-INFO
[1.828s] writing dependency_links to ../../build/patrol_pkg/patrol_pkg.egg-info/dependency_links.txt
[1.828s] writing entry points to ../../build/patrol_pkg/patrol_pkg.egg-info/entry_points.txt
[1.828s] writing requirements to ../../build/patrol_pkg/patrol_pkg.egg-info/requires.txt
[1.828s] writing top-level names to ../../build/patrol_pkg/patrol_pkg.egg-info/top_level.txt
[1.829s] writing manifest file '../../build/patrol_pkg/patrol_pkg.egg-info/SOURCES.txt'
[1.829s] reading manifest file '../../build/patrol_pkg/patrol_pkg.egg-info/SOURCES.txt'
[1.829s] writing manifest file '../../build/patrol_pkg/patrol_pkg.egg-info/SOURCES.txt'
[1.829s] running build
[1.829s] running build_py
[1.829s] creating /home/vboxuser/turtlebot3_ws/build/patrol_pkg/build
[1.830s] creating /home/vboxuser/turtlebot3_ws/build/patrol_pkg/build/lib
[1.830s] creating /home/vboxuser/turtlebot3_ws/build/patrol_pkg/build/lib/patrol_pkg
[1.830s] copying patrol_pkg/patrol_node.py -> /home/vboxuser/turtlebot3_ws/build/patrol_pkg/build/lib/patrol_pkg
[1.830s] copying patrol_pkg/__init__.py -> /home/vboxuser/turtlebot3_ws/build/patrol_pkg/build/lib/patrol_pkg
[1.831s] running install
[1.833s] running install_lib
[1.834s] creating /home/vboxuser/turtlebot3_ws/install/patrol_pkg/lib/python3.10/site-packages/patrol_pkg
[1.834s] copying /home/vboxuser/turtlebot3_ws/build/patrol_pkg/build/lib/patrol_pkg/patrol_node.py -> /home/vboxuser/turtlebot3_ws/install/patrol_pkg/lib/python3.10/site-packages/patrol_pkg
[1.834s] copying /home/vboxuser/turtlebot3_ws/build/patrol_pkg/build/lib/patrol_pkg/__init__.py -> /home/vboxuser/turtlebot3_ws/install/patrol_pkg/lib/python3.10/site-packages/patrol_pkg
[1.835s] byte-compiling /home/vboxuser/turtlebot3_ws/install/patrol_pkg/lib/python3.10/site-packages/patrol_pkg/patrol_node.py to patrol_node.cpython-310.pyc
[1.836s] byte-compiling /home/vboxuser/turtlebot3_ws/install/patrol_pkg/lib/python3.10/site-packages/patrol_pkg/__init__.py to __init__.cpython-310.pyc
[1.837s] running install_data
[1.837s] creating /home/vboxuser/turtlebot3_ws/install/patrol_pkg/share/ament_index
[1.837s] creating /home/vboxuser/turtlebot3_ws/install/patrol_pkg/share/ament_index/resource_index
[1.837s] creating /home/vboxuser/turtlebot3_ws/install/patrol_pkg/share/ament_index/resource_index/packages
[1.837s] copying resource/patrol_pkg -> /home/vboxuser/turtlebot3_ws/install/patrol_pkg/share/ament_index/resource_index/packages
[1.838s] copying package.xml -> /home/vboxuser/turtlebot3_ws/install/patrol_pkg/share/patrol_pkg
[1.838s] creating /home/vboxuser/turtlebot3_ws/install/patrol_pkg/share/patrol_pkg/launch
[1.838s] copying launch/patrol_launch.py -> /home/vboxuser/turtlebot3_ws/install/patrol_pkg/share/patrol_pkg/launch
[1.838s] running install_egg_info
[1.842s] Copying ../../build/patrol_pkg/patrol_pkg.egg-info to /home/vboxuser/turtlebot3_ws/install/patrol_pkg/lib/python3.10/site-packages/patrol_pkg-0.0.1-py3.10.egg-info
[1.842s] running install_scripts
[1.862s] Installing patrol_node script to /home/vboxuser/turtlebot3_ws/install/patrol_pkg/lib/patrol_pkg
[1.863s] writing list of installed files to '/home/vboxuser/turtlebot3_ws/build/patrol_pkg/install.log'
[1.892s] Invoked command in '/home/vboxuser/turtlebot3_ws/src/patrol_pkg' returned '0': PYTHONPATH=/home/vboxuser/turtlebot3_ws/build/patrol_pkg/prefix_override:/usr/lib/python3/dist-packages/colcon_core/task/python/colcon_distutils_commands:/home/vboxuser/turtlebot3_ws/install/patrol_pkg/lib/python3.10/site-packages:${PYTHONPATH} /usr/bin/python3 -W ignore:setup.py install is deprecated -W ignore:easy_install command is deprecated setup.py egg_info --egg-base ../../build/patrol_pkg build --build-base /home/vboxuser/turtlebot3_ws/build/patrol_pkg/build install --record /home/vboxuser/turtlebot3_ws/build/patrol_pkg/install.log --install-scripts $base/lib/patrol_pkg --single-version-externally-managed install_data
