[0.024s] Invoking command in '/home/vboxuser/turtlebot3_ws/build/turtlebot3_node': AMENT_PREFIX_PATH=/home/vboxuser/turtlebot3_ws/install/turtlebot3_msgs:/home/vboxuser/turtlebot3_ws/install/dynamixel_sdk:${AMENT_PREFIX_PATH} CMAKE_PREFIX_PATH=/home/vboxuser/turtlebot3_ws/install/turtlebot3_msgs:/home/vboxuser/turtlebot3_ws/install/dynamixel_sdk:/opt/ros/humble LD_LIBRARY_PATH=/home/vboxuser/turtlebot3_ws/install/turtlebot3_msgs/lib:/home/vboxuser/turtlebot3_ws/install/dynamixel_sdk/lib:/usr/lib/x86_64-linux-gnu/gazebo-11/plugins:/opt/ros/humble/opt/rviz_ogre_vendor/lib:/opt/ros/humble/lib/x86_64-linux-gnu:/opt/ros/humble/lib:/usr/lib/x86_64-linux-gnu/gazebo-11/plugins PYTHONPATH=/home/vboxuser/turtlebot3_ws/install/turtlebot3_msgs/local/lib/python3.10/dist-packages:/home/vboxuser/turtlebot3_ws/install/dynamixel_sdk/local/lib/python3.10/dist-packages:${PYTHONPATH} /usr/bin/cmake /home/vboxuser/turtlebot3_ws/src/turtlebot3/turtlebot3_node -DAMENT_CMAKE_SYMLINK_INSTALL=1 -DCMAKE_INSTALL_PREFIX=/home/vboxuser/turtlebot3_ws/install/turtlebot3_node
[0.094s] -- The C compiler identification is GNU 11.4.0
[0.164s] -- The CXX compiler identification is GNU 11.4.0
[0.174s] -- Detecting C compiler ABI info
[0.267s] -- Detecting C compiler ABI info - done
[0.274s] -- Check for working C compiler: /usr/bin/cc - skipped
[0.274s] -- Detecting C compile features
[0.275s] -- Detecting C compile features - done
[0.277s] -- Detecting CXX compiler ABI info
[0.410s] -- Detecting CXX compiler ABI info - done
[0.411s] -- Check for working CXX compiler: /usr/bin/c++ - skipped
[0.411s] -- Detecting CXX compile features
[0.411s] -- Detecting CXX compile features - done
[0.414s] -- Found ament_cmake: 1.3.14 (/opt/ros/humble/share/ament_cmake/cmake)
[0.557s] -- Found Python3: /usr/bin/python3 (found version "3.10.12") found components: Interpreter 
[0.617s] -- Override CMake install command with custom implementation using symlinks instead of copying resources
[0.642s] -- Found dynamixel_sdk: 4.0.5 (/home/vboxuser/turtlebot3_ws/install/dynamixel_sdk/share/dynamixel_sdk/cmake)
[0.645s] -- Found geometry_msgs: 4.9.1 (/opt/ros/humble/share/geometry_msgs/cmake)
[0.677s] -- Found rosidl_generator_c: 3.1.9 (/opt/ros/humble/share/rosidl_generator_c/cmake)
[0.683s] -- Found rosidl_adapter: 3.1.9 (/opt/ros/humble/share/rosidl_adapter/cmake)
[0.693s] -- Found rosidl_generator_cpp: 3.1.9 (/opt/ros/humble/share/rosidl_generator_cpp/cmake)
[0.705s] -- Using all available rosidl_typesupport_c: rosidl_typesupport_fastrtps_c;rosidl_typesupport_introspection_c
[0.722s] -- Using all available rosidl_typesupport_cpp: rosidl_typesupport_fastrtps_cpp;rosidl_typesupport_introspection_cpp
[0.764s] -- Found message_filters: 4.3.18 (/opt/ros/humble/share/message_filters/cmake)
[0.811s] -- Found rmw_implementation_cmake: 6.1.2 (/opt/ros/humble/share/rmw_implementation_cmake/cmake)
[0.828s] -- Found rmw_fastrtps_cpp: 6.2.10 (/opt/ros/humble/share/rmw_fastrtps_cpp/cmake)
[0.945s] -- Found OpenSSL: /usr/lib/x86_64-linux-gnu/libcrypto.so (found version "3.0.2")  
[0.971s] -- Found FastRTPS: /opt/ros/humble/include  
[1.019s] -- Using RMW implementation 'rmw_fastrtps_cpp' as default
[1.025s] -- Looking for pthread.h
[1.133s] -- Looking for pthread.h - found
[1.134s] -- Performing Test CMAKE_HAVE_LIBC_PTHREAD
[1.249s] -- Performing Test CMAKE_HAVE_LIBC_PTHREAD - Success
[1.250s] -- Found Threads: TRUE  
[1.301s] -- Found nav_msgs: 4.9.1 (/opt/ros/humble/share/nav_msgs/cmake)
[1.342s] -- Found sensor_msgs: 4.9.1 (/opt/ros/humble/share/sensor_msgs/cmake)
[1.384s] -- Found std_srvs: 4.9.1 (/opt/ros/humble/share/std_srvs/cmake)
[1.426s] -- Found tf2: 0.25.20 (/opt/ros/humble/share/tf2/cmake)
[1.446s] -- Found tf2_ros: 0.25.20 (/opt/ros/humble/share/tf2_ros/cmake)
[1.603s] -- Found turtlebot3_msgs: 2.4.0 (/home/vboxuser/turtlebot3_ws/install/turtlebot3_msgs/share/turtlebot3_msgs/cmake)
[1.710s] -- Configuring done
[1.729s] -- Generating done
[1.734s] -- Build files have been written to: /home/vboxuser/turtlebot3_ws/build/turtlebot3_node
[1.747s] Invoked command in '/home/vboxuser/turtlebot3_ws/build/turtlebot3_node' returned '0': AMENT_PREFIX_PATH=/home/vboxuser/turtlebot3_ws/install/turtlebot3_msgs:/home/vboxuser/turtlebot3_ws/install/dynamixel_sdk:${AMENT_PREFIX_PATH} CMAKE_PREFIX_PATH=/home/vboxuser/turtlebot3_ws/install/turtlebot3_msgs:/home/vboxuser/turtlebot3_ws/install/dynamixel_sdk:/opt/ros/humble LD_LIBRARY_PATH=/home/vboxuser/turtlebot3_ws/install/turtlebot3_msgs/lib:/home/vboxuser/turtlebot3_ws/install/dynamixel_sdk/lib:/usr/lib/x86_64-linux-gnu/gazebo-11/plugins:/opt/ros/humble/opt/rviz_ogre_vendor/lib:/opt/ros/humble/lib/x86_64-linux-gnu:/opt/ros/humble/lib:/usr/lib/x86_64-linux-gnu/gazebo-11/plugins PYTHONPATH=/home/vboxuser/turtlebot3_ws/install/turtlebot3_msgs/local/lib/python3.10/dist-packages:/home/vboxuser/turtlebot3_ws/install/dynamixel_sdk/local/lib/python3.10/dist-packages:${PYTHONPATH} /usr/bin/cmake /home/vboxuser/turtlebot3_ws/src/turtlebot3/turtlebot3_node -DAMENT_CMAKE_SYMLINK_INSTALL=1 -DCMAKE_INSTALL_PREFIX=/home/vboxuser/turtlebot3_ws/install/turtlebot3_node
[1.748s] Invoking command in '/home/vboxuser/turtlebot3_ws/build/turtlebot3_node': AMENT_PREFIX_PATH=/home/vboxuser/turtlebot3_ws/install/turtlebot3_msgs:/home/vboxuser/turtlebot3_ws/install/dynamixel_sdk:${AMENT_PREFIX_PATH} CMAKE_PREFIX_PATH=/home/vboxuser/turtlebot3_ws/install/turtlebot3_msgs:/home/vboxuser/turtlebot3_ws/install/dynamixel_sdk:/opt/ros/humble LD_LIBRARY_PATH=/home/vboxuser/turtlebot3_ws/install/turtlebot3_msgs/lib:/home/vboxuser/turtlebot3_ws/install/dynamixel_sdk/lib:/usr/lib/x86_64-linux-gnu/gazebo-11/plugins:/opt/ros/humble/opt/rviz_ogre_vendor/lib:/opt/ros/humble/lib/x86_64-linux-gnu:/opt/ros/humble/lib:/usr/lib/x86_64-linux-gnu/gazebo-11/plugins PYTHONPATH=/home/vboxuser/turtlebot3_ws/install/turtlebot3_msgs/local/lib/python3.10/dist-packages:/home/vboxuser/turtlebot3_ws/install/dynamixel_sdk/local/lib/python3.10/dist-packages:${PYTHONPATH} /usr/bin/cmake --build /home/vboxuser/turtlebot3_ws/build/turtlebot3_node -- -j4 -l4
[1.828s] [  7%] [32mBuilding CXX object CMakeFiles/turtlebot3_node_lib.dir/src/devices/motor_power.cpp.o[0m
[1.831s] [ 14%] [32mBuilding CXX object CMakeFiles/turtlebot3_node_lib.dir/src/devices/reset.cpp.o[0m
[1.836s] [ 21%] [32mBuilding CXX object CMakeFiles/turtlebot3_node_lib.dir/src/devices/sound.cpp.o[0m
[1.838s] [ 28%] [32mBuilding CXX object CMakeFiles/turtlebot3_node_lib.dir/src/diff_drive_controller.cpp.o[0m
[5.952s] [ 35%] [32mBuilding CXX object CMakeFiles/turtlebot3_node_lib.dir/src/dynamixel_sdk_wrapper.cpp.o[0m
[6.053s] [ 42%] [32mBuilding CXX object CMakeFiles/turtlebot3_node_lib.dir/src/odometry.cpp.o[0m
[6.105s] [ 50%] [32mBuilding CXX object CMakeFiles/turtlebot3_node_lib.dir/src/turtlebot3.cpp.o[0m
[6.596s] [ 57%] [32mBuilding CXX object CMakeFiles/turtlebot3_node_lib.dir/src/sensors/battery_state.cpp.o[0m
[7.466s] [ 64%] [32mBuilding CXX object CMakeFiles/turtlebot3_node_lib.dir/src/sensors/imu.cpp.o[0m
[10.869s] [ 71%] [32mBuilding CXX object CMakeFiles/turtlebot3_node_lib.dir/src/sensors/joint_state.cpp.o[0m
[11.769s] [ 78%] [32mBuilding CXX object CMakeFiles/turtlebot3_node_lib.dir/src/sensors/sensor_state.cpp.o[0m
[22.122s] [ 85%] [32m[1mLinking CXX static library libturtlebot3_node_lib.a[0m
[23.598s] [ 85%] Built target turtlebot3_node_lib
[23.628s] [ 92%] [32mBuilding CXX object CMakeFiles/turtlebot3_ros.dir/src/node_main.cpp.o[0m
[27.295s] [100%] [32m[1mLinking CXX executable turtlebot3_ros[0m
[29.603s] [100%] Built target turtlebot3_ros
[29.618s] Invoked command in '/home/vboxuser/turtlebot3_ws/build/turtlebot3_node' returned '0': AMENT_PREFIX_PATH=/home/vboxuser/turtlebot3_ws/install/turtlebot3_msgs:/home/vboxuser/turtlebot3_ws/install/dynamixel_sdk:${AMENT_PREFIX_PATH} CMAKE_PREFIX_PATH=/home/vboxuser/turtlebot3_ws/install/turtlebot3_msgs:/home/vboxuser/turtlebot3_ws/install/dynamixel_sdk:/opt/ros/humble LD_LIBRARY_PATH=/home/vboxuser/turtlebot3_ws/install/turtlebot3_msgs/lib:/home/vboxuser/turtlebot3_ws/install/dynamixel_sdk/lib:/usr/lib/x86_64-linux-gnu/gazebo-11/plugins:/opt/ros/humble/opt/rviz_ogre_vendor/lib:/opt/ros/humble/lib/x86_64-linux-gnu:/opt/ros/humble/lib:/usr/lib/x86_64-linux-gnu/gazebo-11/plugins PYTHONPATH=/home/vboxuser/turtlebot3_ws/install/turtlebot3_msgs/local/lib/python3.10/dist-packages:/home/vboxuser/turtlebot3_ws/install/dynamixel_sdk/local/lib/python3.10/dist-packages:${PYTHONPATH} /usr/bin/cmake --build /home/vboxuser/turtlebot3_ws/build/turtlebot3_node -- -j4 -l4
[29.618s] Invoking command in '/home/vboxuser/turtlebot3_ws/build/turtlebot3_node': AMENT_PREFIX_PATH=/home/vboxuser/turtlebot3_ws/install/turtlebot3_msgs:/home/vboxuser/turtlebot3_ws/install/dynamixel_sdk:${AMENT_PREFIX_PATH} CMAKE_PREFIX_PATH=/home/vboxuser/turtlebot3_ws/install/turtlebot3_msgs:/home/vboxuser/turtlebot3_ws/install/dynamixel_sdk:/opt/ros/humble LD_LIBRARY_PATH=/home/vboxuser/turtlebot3_ws/install/turtlebot3_msgs/lib:/home/vboxuser/turtlebot3_ws/install/dynamixel_sdk/lib:/usr/lib/x86_64-linux-gnu/gazebo-11/plugins:/opt/ros/humble/opt/rviz_ogre_vendor/lib:/opt/ros/humble/lib/x86_64-linux-gnu:/opt/ros/humble/lib:/usr/lib/x86_64-linux-gnu/gazebo-11/plugins PYTHONPATH=/home/vboxuser/turtlebot3_ws/install/turtlebot3_msgs/local/lib/python3.10/dist-packages:/home/vboxuser/turtlebot3_ws/install/dynamixel_sdk/local/lib/python3.10/dist-packages:${PYTHONPATH} /usr/bin/cmake --install /home/vboxuser/turtlebot3_ws/build/turtlebot3_node
[29.626s] -- Install configuration: ""
[29.627s] -- Execute custom install script
[29.627s] -- Symlinking: /home/vboxuser/turtlebot3_ws/install/turtlebot3_node/share/turtlebot3_node/param/burger.yaml
[29.638s] -- Symlinking: /home/vboxuser/turtlebot3_ws/install/turtlebot3_node/share/turtlebot3_node/param/waffle.yaml
[29.650s] -- Symlinking: /home/vboxuser/turtlebot3_ws/install/turtlebot3_node/share/turtlebot3_node/param/waffle_pi.yaml
[29.660s] -- Symlinking: /home/vboxuser/turtlebot3_ws/install/turtlebot3_node/lib/turtlebot3_node/turtlebot3_ros
[29.670s] -- Symlinking: /home/vboxuser/turtlebot3_ws/install/turtlebot3_node/share/ament_index/resource_index/package_run_dependencies/turtlebot3_node
[29.681s] -- Symlinking: /home/vboxuser/turtlebot3_ws/install/turtlebot3_node/share/ament_index/resource_index/parent_prefix_path/turtlebot3_node
[29.691s] -- Symlinking: /home/vboxuser/turtlebot3_ws/install/turtlebot3_node/share/turtlebot3_node/environment/ament_prefix_path.sh
[29.702s] -- Symlinking: /home/vboxuser/turtlebot3_ws/install/turtlebot3_node/share/turtlebot3_node/environment/ament_prefix_path.dsv
[29.712s] -- Symlinking: /home/vboxuser/turtlebot3_ws/install/turtlebot3_node/share/turtlebot3_node/environment/path.sh
[29.723s] -- Symlinking: /home/vboxuser/turtlebot3_ws/install/turtlebot3_node/share/turtlebot3_node/environment/path.dsv
[29.735s] -- Symlinking: /home/vboxuser/turtlebot3_ws/install/turtlebot3_node/share/turtlebot3_node/local_setup.bash
[29.746s] -- Symlinking: /home/vboxuser/turtlebot3_ws/install/turtlebot3_node/share/turtlebot3_node/local_setup.sh
[29.757s] -- Symlinking: /home/vboxuser/turtlebot3_ws/install/turtlebot3_node/share/turtlebot3_node/local_setup.zsh
[29.768s] -- Symlinking: /home/vboxuser/turtlebot3_ws/install/turtlebot3_node/share/turtlebot3_node/local_setup.dsv
[29.779s] -- Symlinking: /home/vboxuser/turtlebot3_ws/install/turtlebot3_node/share/turtlebot3_node/package.dsv
[29.790s] -- Symlinking: /home/vboxuser/turtlebot3_ws/install/turtlebot3_node/share/ament_index/resource_index/packages/turtlebot3_node
[29.801s] -- Symlinking: /home/vboxuser/turtlebot3_ws/install/turtlebot3_node/share/turtlebot3_node/cmake/ament_cmake_export_dependencies-extras.cmake
[29.811s] -- Symlinking: /home/vboxuser/turtlebot3_ws/install/turtlebot3_node/share/turtlebot3_node/cmake/ament_cmake_export_include_directories-extras.cmake
[29.824s] -- Symlinking: /home/vboxuser/turtlebot3_ws/install/turtlebot3_node/share/turtlebot3_node/cmake/turtlebot3_nodeConfig.cmake
[29.836s] -- Symlinking: /home/vboxuser/turtlebot3_ws/install/turtlebot3_node/share/turtlebot3_node/cmake/turtlebot3_nodeConfig-version.cmake
[29.849s] -- Symlinking: /home/vboxuser/turtlebot3_ws/install/turtlebot3_node/share/turtlebot3_node/package.xml
[29.864s] Invoked command in '/home/vboxuser/turtlebot3_ws/build/turtlebot3_node' returned '0': AMENT_PREFIX_PATH=/home/vboxuser/turtlebot3_ws/install/turtlebot3_msgs:/home/vboxuser/turtlebot3_ws/install/dynamixel_sdk:${AMENT_PREFIX_PATH} CMAKE_PREFIX_PATH=/home/vboxuser/turtlebot3_ws/install/turtlebot3_msgs:/home/vboxuser/turtlebot3_ws/install/dynamixel_sdk:/opt/ros/humble LD_LIBRARY_PATH=/home/vboxuser/turtlebot3_ws/install/turtlebot3_msgs/lib:/home/vboxuser/turtlebot3_ws/install/dynamixel_sdk/lib:/usr/lib/x86_64-linux-gnu/gazebo-11/plugins:/opt/ros/humble/opt/rviz_ogre_vendor/lib:/opt/ros/humble/lib/x86_64-linux-gnu:/opt/ros/humble/lib:/usr/lib/x86_64-linux-gnu/gazebo-11/plugins PYTHONPATH=/home/vboxuser/turtlebot3_ws/install/turtlebot3_msgs/local/lib/python3.10/dist-packages:/home/vboxuser/turtlebot3_ws/install/dynamixel_sdk/local/lib/python3.10/dist-packages:${PYTHONPATH} /usr/bin/cmake --install /home/vboxuser/turtlebot3_ws/build/turtlebot3_node
