[1.730s] Invoking command in '/home/vboxuser/turtlebot3_ws/build/turtlebot3_teleop': PYTHONPATH=/home/vboxuser/turtlebot3_ws/build/turtlebot3_teleop/prefix_override:/usr/lib/python3/dist-packages/colcon_core/task/python/colcon_distutils_commands:/home/vboxuser/turtlebot3_ws/install/turtlebot3_teleop/lib/python3.10/site-packages:${PYTHONPATH} /usr/bin/python3 -W ignore:setup.py install is deprecated -W ignore:easy_install command is deprecated setup.py develop --editable --build-directory /home/vboxuser/turtlebot3_ws/build/turtlebot3_teleop/build --no-deps symlink_data
[1.880s] running develop
[2.068s] running egg_info
[2.068s] creating turtlebot3_teleop.egg-info
[2.068s] writing turtlebot3_teleop.egg-info/PKG-INFO
[2.068s] writing dependency_links to turtlebot3_teleop.egg-info/dependency_links.txt
[2.069s] writing entry points to turtlebot3_teleop.egg-info/entry_points.txt
[2.071s] writing requirements to turtlebot3_teleop.egg-info/requires.txt
[2.071s] writing top-level names to turtlebot3_teleop.egg-info/top_level.txt
[2.072s] writing manifest file 'turtlebot3_teleop.egg-info/SOURCES.txt'
[2.073s] reading manifest file 'turtlebot3_teleop.egg-info/SOURCES.txt'
[2.078s] writing manifest file 'turtlebot3_teleop.egg-info/SOURCES.txt'
[2.080s] running build_ext
[2.080s] Creating /home/vboxuser/turtlebot3_ws/install/turtlebot3_teleop/lib/python3.10/site-packages/turtlebot3-teleop.egg-link (link to .)
[2.081s] Installing teleop_keyboard script to /home/vboxuser/turtlebot3_ws/install/turtlebot3_teleop/lib/turtlebot3_teleop
[2.082s] 
[2.082s] Installed /home/vboxuser/turtlebot3_ws/build/turtlebot3_teleop
[2.082s] running symlink_data
[2.086s] creating /home/vboxuser/turtlebot3_ws/install/turtlebot3_teleop/share/ament_index
[2.087s] creating /home/vboxuser/turtlebot3_ws/install/turtlebot3_teleop/share/ament_index/resource_index
[2.087s] creating /home/vboxuser/turtlebot3_ws/install/turtlebot3_teleop/share/ament_index/resource_index/packages
[2.087s] symbolically linking /home/vboxuser/turtlebot3_ws/build/turtlebot3_teleop/resource/turtlebot3_teleop -> /home/vboxuser/turtlebot3_ws/install/turtlebot3_teleop/share/ament_index/resource_index/packages
[2.087s] symbolically linking /home/vboxuser/turtlebot3_ws/build/turtlebot3_teleop/package.xml -> /home/vboxuser/turtlebot3_ws/install/turtlebot3_teleop/share/turtlebot3_teleop
[2.164s] Invoked command in '/home/vboxuser/turtlebot3_ws/build/turtlebot3_teleop' returned '0': PYTHONPATH=/home/vboxuser/turtlebot3_ws/build/turtlebot3_teleop/prefix_override:/usr/lib/python3/dist-packages/colcon_core/task/python/colcon_distutils_commands:/home/vboxuser/turtlebot3_ws/install/turtlebot3_teleop/lib/python3.10/site-packages:${PYTHONPATH} /usr/bin/python3 -W ignore:setup.py install is deprecated -W ignore:easy_install command is deprecated setup.py develop --editable --build-directory /home/vboxuser/turtlebot3_ws/build/turtlebot3_teleop/build --no-deps symlink_data
