[0.034s] Invoking command in '/home/vboxuser/turtlebot3_ws/build/dynamixel_sdk': CMAKE_PREFIX_PATH=/opt/ros/humble /usr/bin/cmake /home/vboxuser/turtlebot3_ws/src/DynamixelSDK/ros/dynamixel_sdk -DAMENT_CMAKE_SYMLINK_INSTALL=1 -DCMAKE_INSTALL_PREFIX=/home/vboxuser/turtlebot3_ws/install/dynamixel_sdk
[0.513s] -- The C compiler identification is GNU 11.4.0
[0.782s] -- The CXX compiler identification is GNU 11.4.0
[0.814s] -- Detecting C compiler ABI info
[0.938s] -- Detecting C compiler ABI info - done
[0.939s] -- Check for working C compiler: /usr/bin/cc - skipped
[0.940s] -- Detecting C compile features
[0.942s] -- Detecting C compile features - done
[0.950s] -- Detecting CXX compiler ABI info
[1.062s] -- Detecting CXX compiler ABI info - done
[1.072s] -- Check for working CXX compiler: /usr/bin/c++ - skipped
[1.073s] -- Detecting CXX compile features
[1.073s] -- Detecting CXX compile features - done
[1.075s] -- Found ament_cmake: 1.3.14 (/opt/ros/humble/share/ament_cmake/cmake)
[1.234s] -- Found Python3: /usr/bin/python3 (found version "3.10.12") found components: Interpreter 
[1.300s] -- Override CMake install command with custom implementation using symlinks instead of copying resources
[1.604s] -- Configuring done
[1.604s] -- Generating done
[1.609s] -- Build files have been written to: /home/vboxuser/turtlebot3_ws/build/dynamixel_sdk
[1.621s] Invoked command in '/home/vboxuser/turtlebot3_ws/build/dynamixel_sdk' returned '0': CMAKE_PREFIX_PATH=/opt/ros/humble /usr/bin/cmake /home/vboxuser/turtlebot3_ws/src/DynamixelSDK/ros/dynamixel_sdk -DAMENT_CMAKE_SYMLINK_INSTALL=1 -DCMAKE_INSTALL_PREFIX=/home/vboxuser/turtlebot3_ws/install/dynamixel_sdk
[1.632s] Invoking command in '/home/vboxuser/turtlebot3_ws/build/dynamixel_sdk': CMAKE_PREFIX_PATH=/opt/ros/humble /usr/bin/cmake --build /home/vboxuser/turtlebot3_ws/build/dynamixel_sdk -- -j4 -l4
[1.712s] [  5%] [32mBuilding CXX object CMakeFiles/dynamixel_sdk.dir/src/dynamixel_sdk/packet_handler.cpp.o[0m
[1.712s] [ 11%] [32mBuilding CXX object CMakeFiles/dynamixel_sdk.dir/src/dynamixel_sdk/protocol1_packet_handler.cpp.o[0m
[1.714s] [ 11%] Built target ament_cmake_python_symlink_dynamixel_easy_sdk
[1.739s] [ 11%] Built target ament_cmake_python_symlink_dynamixel_sdk
[1.740s] [ 16%] [32mBuilding CXX object CMakeFiles/dynamixel_sdk.dir/src/dynamixel_sdk/protocol2_packet_handler.cpp.o[0m
[1.998s] [ 22%] [32mBuilding CXX object CMakeFiles/dynamixel_sdk.dir/src/dynamixel_sdk/group_sync_read.cpp.o[0m
[2.132s] running egg_info
[2.133s] creating dynamixel_easy_sdk.egg-info
[2.134s] writing dynamixel_easy_sdk.egg-info/PKG-INFO
[2.134s] writing dependency_links to dynamixel_easy_sdk.egg-info/dependency_links.txt
[2.134s] writing top-level names to dynamixel_easy_sdk.egg-info/top_level.txt
[2.134s] writing manifest file 'dynamixel_easy_sdk.egg-info/SOURCES.txt'
[2.136s] reading manifest file 'dynamixel_easy_sdk.egg-info/SOURCES.txt'
[2.138s] writing manifest file 'dynamixel_easy_sdk.egg-info/SOURCES.txt'
[2.154s] [ 27%] [32mBuilding CXX object CMakeFiles/dynamixel_sdk.dir/src/dynamixel_sdk/group_sync_write.cpp.o[0m
[2.168s] [ 33%] [32mBuilding CXX object CMakeFiles/dynamixel_sdk.dir/src/dynamixel_sdk/group_bulk_read.cpp.o[0m
[2.174s] [ 33%] Built target ament_cmake_python_build_dynamixel_easy_sdk_egg
[2.495s] [ 38%] [32mBuilding CXX object CMakeFiles/dynamixel_sdk.dir/src/dynamixel_sdk/group_bulk_write.cpp.o[0m
[2.540s] [ 44%] [32mBuilding CXX object CMakeFiles/dynamixel_sdk.dir/src/dynamixel_sdk/group_fast_bulk_read.cpp.o[0m
[2.625s] running egg_info
[2.626s] creating dynamixel_sdk.egg-info
[2.626s] writing dynamixel_sdk.egg-info/PKG-INFO
[2.626s] writing dependency_links to dynamixel_sdk.egg-info/dependency_links.txt
[2.627s] writing top-level names to dynamixel_sdk.egg-info/top_level.txt
[2.627s] writing manifest file 'dynamixel_sdk.egg-info/SOURCES.txt'
[2.629s] reading manifest file 'dynamixel_sdk.egg-info/SOURCES.txt'
[2.630s] writing manifest file 'dynamixel_sdk.egg-info/SOURCES.txt'
[2.662s] [ 44%] Built target ament_cmake_python_build_dynamixel_sdk_egg
[2.671s] [ 50%] [32mBuilding CXX object CMakeFiles/dynamixel_sdk.dir/src/dynamixel_sdk/group_fast_sync_read.cpp.o[0m
[2.682s] [ 55%] [32mBuilding CXX object CMakeFiles/dynamixel_sdk.dir/src/dynamixel_sdk/group_handler.cpp.o[0m
[2.860s] [ 61%] [32mBuilding CXX object CMakeFiles/dynamixel_sdk.dir/src/dynamixel_sdk/port_handler.cpp.o[0m
[2.944s] [ 66%] [32mBuilding CXX object CMakeFiles/dynamixel_sdk.dir/src/dynamixel_easy_sdk/connector.cpp.o[0m
[2.958s] [ 72%] [32mBuilding CXX object CMakeFiles/dynamixel_sdk.dir/src/dynamixel_easy_sdk/control_table.cpp.o[0m
[2.960s] [ 77%] [32mBuilding CXX object CMakeFiles/dynamixel_sdk.dir/src/dynamixel_easy_sdk/dynamixel_error.cpp.o[0m
[2.997s] [ 83%] [32mBuilding CXX object CMakeFiles/dynamixel_sdk.dir/src/dynamixel_easy_sdk/group_executor.cpp.o[0m
[3.230s] [ 88%] [32mBuilding CXX object CMakeFiles/dynamixel_sdk.dir/src/dynamixel_easy_sdk/motor.cpp.o[0m
[3.628s] [ 94%] [32mBuilding CXX object CMakeFiles/dynamixel_sdk.dir/src/dynamixel_sdk/port_handler_linux.cpp.o[0m
[4.293s] [100%] [32m[1mLinking CXX shared library libdynamixel_sdk.so[0m
[4.437s] [100%] Built target dynamixel_sdk
